GIT DIFF PERMITE COMPARAR ARQUIVOS MODIFICADOS QUE NÃO FORAM CONSOLIDADOS AINDA.
NÃO ESTÃO NO STAGING AREA , E AINDA NÃO FORAM COMMITADOS


peoj2@LAPTOP-DRDIEMQ2 MINGW64 ~/pasta-git (master)
$ ls
arq1.txt  arq2.txt  exercicios_boson/

peoj2@LAPTOP-DRDIEMQ2 MINGW64 ~/pasta-git (master)
$ git diff

peoj2@LAPTOP-DRDIEMQ2 MINGW64 ~/pasta-git (master)
$ start notepad++ arq1.txt                                                          //MODIFICANDO O ARQUIVO 1

peoj2@LAPTOP-DRDIEMQ2 MINGW64 ~/pasta-git (master)
$ start notepad++ arq2.txt                                                           //MODIFICANDO O ARQUIVO 2
 
peoj2@LAPTOP-DRDIEMQ2 MINGW64 ~/pasta-git (master)
$ git diff                                                                                       //VERIFICANDO A MODIFICAÇÃO
diff --git a/arq1.txt b/arq1.txt
index e69de29..88cbc6f 100644
--- a/arq1.txt
+++ b/arq1.txt
@@ -0,0 +1 @@
+Adicionei um alinha de codigo
\ No newline at end of file
diff --git a/arq2.txt b/arq2.txt
index e69de29..88cbc6f 100644
--- a/arq2.txt
+++ b/arq2.txt
@@ -0,0 +1 @@
+Adicionei um alinha de codigo
\ No newline at end of file


ADICIONANDO NA STAGING AREA  E DEPOIS COMMITAR

peoj2@LAPTOP-DRDIEMQ2 MINGW64 ~/pasta-git (master)
$ git add .

peoj2@LAPTOP-DRDIEMQ2 MINGW64 ~/pasta-git (master)
$ git diff                                                                                    // MOSTRA TODOS OS ARQUIVOS COM MODIFICAÇÔES COM PENDENCIAS
                                                                                                // PARA COMMIT OU STAGING AREA

peoj2@LAPTOP-DRDIEMQ2 MINGW64 ~/pasta-git (master)
$ git commit -m "Commit após verificar co git diff"
[master 4681c38] Commit após verificar co git diff
 4 files changed, 2 insertions(+)
 create mode 100644 arq1.txt.bak
 create mode 100644 arq2.txt.bak


peoj2@LAPTOP-DRDIEMQ2 MINGW64 ~/pasta-git (master)
$ git diff arq1.txt                                                                         // MOSTRA ARQUIVO ESPECÍFICO COM MODIFICAÇÔES COM PENDENCIAS
                                                                                                // PARA COMMIT OU STAGING AREA
diff --git a/arq1.txt b/arq1.txt
index 88cbc6f..e69de29 100644
--- a/arq1.txt
+++ b/arq1.txt
@@ -1 +0,0 @@
-Adicionei um alinha de codigo
\ No newline at end of file

MOSTRA ADD NECESÁRIO PARA MODIFICAÇÔES NA STAGING AREA

peoj2@LAPTOP-DRDIEMQ2 MINGW64 ~/pasta-git (master)
$ git add .

peoj2@LAPTOP-DRDIEMQ2 MINGW64 ~/pasta-git (master)
$ git diff --staged
diff --git a/arq1.txt b/arq1.txt
index 88cbc6f..e69de29 100644
--- a/arq1.txt
+++ b/arq1.txt
@@ -1 +0,0 @@
-Adicionei um alinha de codigo
\ No newline at end of file
diff --git a/arq1.txt.bak b/arq1.txt.bak
index e69de29..88cbc6f 100644
--- a/arq1.txt.bak
+++ b/arq1.txt.bak
@@ -0,0 +1 @@
+Adicionei um alinha de codigo
\ No newline at end of file
diff --git a/arq2.txt b/arq2.txt
index 88cbc6f..1b87ff3 100644
--- a/arq2.txt
+++ b/arq2.txt
@@ -1 +1,2 @@
-Adicionei um alinha de codigo
\ No newline at end of file
+Adicionei um alinha de codigo
+tambem foi edcitado novamente
\ No newline at end of file
diff --git a/arq2.txt.bak b/arq2.txt.bak
index e69de29..88cbc6f 100644
--- a/arq2.txt.bak
+++ b/arq2.txt.bak
@@ -0,0 +1 @@
+Adicionei um alinha de codigo
\ No newline at end of file

peoj2@LAPTOP-DRDIEMQ2 MINGW64 ~/pasta-git (master)
$ git commit -m "commit final"
[master 67cebdc] commit final
 4 files changed, 4 insertions(+), 2 deletions(-)

peoj2@LAPTOP-DRDIEMQ2 MINGW64 ~/pasta-git (master)
$ git diff --staged

peoj2@LAPTOP-DRDIEMQ2 MINGW64 ~/pasta-git (master)
$


