
peoj2@LAPTOP-DRDIEMQ2 MINGW64 ~
$ git config --global user.name missao.filosofica    //criar usuário

peoj2@LAPTOP-DRDIEMQ2 MINGW64 ~
$ git config --global user.email missao.filosofica@gmail.com    //configurar email

peoj2@LAPTOP-DRDIEMQ2 MINGW64 ~
$ pwd                                    //verificar qual é o diretório atual.  Para voltar cd ..
/c/Users/peoj2

peoj2@LAPTOP-DRDIEMQ2 MINGW64 ~
$ mkdir pasta-git                       //criar pasta no diretório atual. 

peoj2@LAPTOP-DRDIEMQ2 MINGW64 ~
$ ls                                    // ver conteúdo do diretório atual  
'3D Objects'/
'Ambiente de Impressão'@
'Ambiente de Rede'@
 AppData/
'Configurações Locais'@
 Contacts/
 Cookies@
'Dados de Aplicativos'@
 Desktop/
 Documents/
 Downloads/
 Favorites/
 IntelGraphicsProfiles/
 Links/
'Menu Iniciar'@
'Meus Documentos'@
 Modelos@
 Music/
 NTUSER.DAT
 NTUSER.DAT{0fc25039-c1fe-11eb-8784-08d23e751a56}.TM.blf
 NTUSER.DAT{0fc25039-c1fe-11eb-8784-08d23e751a56}.TMContainer00000000000000000001.regtrans-ms
 NTUSER.DAT{0fc25039-c1fe-11eb-8784-08d23e751a56}.TMContainer00000000000000000002.regtrans-ms
 OneDrive/
 Pictures/
 PycharmProjects/
 Recent@
'Saved Games'/
 Searches/
 SendTo@
 Videos/
 anaconda3/
 ntuser.dat.LOG1
 ntuser.dat.LOG2
 ntuser.ini
 pasta-git/

peoj2@LAPTOP-DRDIEMQ2 MINGW64 ~
$ cd pasta-git                   // acessar pasta do diretório atual

peoj2@LAPTOP-DRDIEMQ2 MINGW64 ~/pasta-git
$ git init                                      //iniciar o versionamento desta pasta
Initialized empty Git repository in C:/Users/peoj2/pasta-git/.git/

peoj2@LAPTOP-DRDIEMQ2 MINGW64 ~/pasta-git (master)
$ touch teste.txt                                 // criar documento com 'touch'

peoj2@LAPTOP-DRDIEMQ2 MINGW64 ~/pasta-git (master)
$ ls                                                // verificar conteúdo do diretório atual
teste.txt

peoj2@LAPTOP-DRDIEMQ2 MINGW64 ~/pasta-git (master)
$ ls -l                                            //verificar conteúdo do diretório atual, permissões, data, criador,
total 0
-rw-r--r-- 1 peoj2 197610 0 Jan 16 19:27 teste.txt

peoj2@LAPTOP-DRDIEMQ2 MINGW64 ~/pasta-git (master)
$ git status                                      // verificar status do vercionamento. untracker files: nenhum documento adicionado.
On branch master

No commits yet

Untracked files:
  (use "git add <file>..." to include in what will be committed)
        teste.txt

nothing added to commit but untracked files present (use "git add" to track)

peoj2@LAPTOP-DRDIEMQ2 MINGW64 ~/pasta-git (master)
$ git add teste.txt                                      // adicionar o documento.

peoj2@LAPTOP-DRDIEMQ2 MINGW64 ~/pasta-git (master)
$ git status                                             // verificar status do vercionamento.
On branch master

No commits yet

Changes to be committed:
  (use "git rm --cached <file>..." to unstage)
        new file:   teste.txt


peoj2@LAPTOP-DRDIEMQ2 MINGW64 ~/pasta-git (master)
$ git commit -m "Tetse com bash"                    //Commitar com read.me
[master (root-commit) e3ffad3] Tetse com bash
 1 file changed, 0 insertions(+), 0 deletions(-)
 create mode 100644 teste.txt

peoj2@LAPTOP-DRDIEMQ2 MINGW64 ~/pasta-git (master)
$ git status
On branch master
nothing to commit, working tree clean

peoj2@LAPTOP-DRDIEMQ2 MINGW64 ~/pasta-git (master)
$ git log                                           //verificar o log: se commitou, quem, e quando, e read.me.
commit e3ffad321f501df87b584c97dc6e6d0383a6694f (HEAD -> master)
Author: missao.filosofica <missao.filosofica@gmail.com>
Date:   Sun Jan 16 19:30:40 2022 -0300

    Tetse com bash

peoj2@LAPTOP-DRDIEMQ2 MINGW64 ~/pasta-git (master)
$ git status
On branch master
nothing to commit, working tree clean

peoj2@LAPTOP-DRDIEMQ2 MINGW64 ~/pasta-git (master)
$ git status                                      //modifiquei o documento no notepad++ e estou verificando o status.
On branch master
Changes not staged for commit:
  (use "git add <file>..." to update what will be committed)
  (use "git restore <file>..." to discard changes in working directory)
        modified:   teste.txt

Untracked files:
  (use "git add <file>..." to include in what will be committed)
        teste.txt.bak

no changes added to commit (use "git add" and/or "git commit -a")

peoj2@LAPTOP-DRDIEMQ2 MINGW64 ~/pasta-git (master)
$ git add*                                            //adicionei todos os arquivos novos e modificações.
git: 'add*' is not a git command. See 'git --help'.

The most similar command is
        add

peoj2@LAPTOP-DRDIEMQ2 MINGW64 ~/pasta-git (master)
$ git status                                       //status com as modificações addicionadas.
On branch master
Changes not staged for commit:
  (use "git add <file>..." to update what will be committed)
  (use "git restore <file>..." to discard changes in working directory)
        modified:   teste.txt

Untracked files:
  (use "git add <file>..." to include in what will be committed)
        teste.txt.bak

no changes added to commit (use "git add" and/or "git commit -a")

peoj2@LAPTOP-DRDIEMQ2 MINGW64 ~/pasta-git (master)
$ git add *

peoj2@LAPTOP-DRDIEMQ2 MINGW64 ~/pasta-git (master)
$ git status
On branch master
Changes to be committed:
  (use "git restore --staged <file>..." to unstage)
        modified:   teste.txt
        new file:   teste.txt.bak


peoj2@LAPTOP-DRDIEMQ2 MINGW64 ~/pasta-git (master)
$ git commit -m "Inseri codigo C"
[master bb7762f] Inseri codigo C
 2 files changed, 6 insertions(+)
 create mode 100644 teste.txt.bak

peoj2@LAPTOP-DRDIEMQ2 MINGW64 ~/pasta-git (master)
$ git status
On branch master
nothing to commit, working tree clean

peoj2@LAPTOP-DRDIEMQ2 MINGW64 ~/pasta-git (master)
$ git log
commit bb7762f5cff6ea307ddcd537e8a9c08b535288b5 (HEAD -> master)
Author: missao.filosofica <missao.filosofica@gmail.com>
Date:   Sun Jan 16 19:36:18 2022 -0300

    Inseri codigo C

commit e3ffad321f501df87b584c97dc6e6d0383a6694f
Author: missao.filosofica <missao.filosofica@gmail.com>
Date:   Sun Jan 16 19:30:40 2022 -0300

    Tetse com bash

peoj2@LAPTOP-DRDIEMQ2 MINGW64 ~/pasta-git (master)
$ exit
