GIT IGNORE



peoj2@LAPTOP-DRDIEMQ2 MINGW64 ~/pasta-git (master)
$ git status
On branch master
nothing to commit, working tree clean

peoj2@LAPTOP-DRDIEMQ2 MINGW64 ~/pasta-git (master)
$ touch .gitignore

peoj2@LAPTOP-DRDIEMQ2 MINGW64 ~/pasta-git (master)
$ ls
arq1.txt  arq1.txt.bak  arq2.txt  arq2.txt.bak  exercicios_boson/  index.html  index.html.bak

peoj2@LAPTOP-DRDIEMQ2 MINGW64 ~/pasta-git (master)
$ ls -a
./   .git/       arq1.txt      arq2.txt      exercicios_boson/  index.html.bak
../  .gitignore  arq1.txt.bak  arq2.txt.bak  index.html

peoj2@LAPTOP-DRDIEMQ2 MINGW64 ~/pasta-git (master)
$ start notepad++ arqign

peoj2@LAPTOP-DRDIEMQ2 MINGW64 ~/pasta-git (master)
$ git status
On branch master
Untracked files:
  (use "git add <file>..." to include in what will be committed)
        .gitignore
        arqign
        arqign.bak

nothing added to commit but untracked files present (use "git add" to track)

peoj2@LAPTOP-DRDIEMQ2 MINGW64 ~/pasta-git (master)
$ echo arqign.bak >>.gitignore

peoj2@LAPTOP-DRDIEMQ2 MINGW64 ~/pasta-git (master)
$ cat .gitignore
arqign.bak

peoj2@LAPTOP-DRDIEMQ2 MINGW64 ~/pasta-git (master)
$ git status
On branch master
Untracked files:
  (use "git add <file>..." to include in what will be committed)
        .gitignore
        arqign

nothing added to commit but untracked files present (use "git add" to track)

peoj2@LAPTOP-DRDIEMQ2 MINGW64 ~/pasta-git (master)
$ start notepad++ arqign2

peoj2@LAPTOP-DRDIEMQ2 MINGW64 ~/pasta-git (master)
$ git status
On branch master
Untracked files:
  (use "git add <file>..." to include in what will be committed)
        .gitignore
        arqign
        arqign2
        arqign2.bak

nothing added to commit but untracked files present (use "git add" to track)

peoj2@LAPTOP-DRDIEMQ2 MINGW64 ~/pasta-git (master)
$ echo arqign2 >> .gitignore

peoj2@LAPTOP-DRDIEMQ2 MINGW64 ~/pasta-git (master)
$ cat .gitignore
arqign.bak
arqign2

peoj2@LAPTOP-DRDIEMQ2 MINGW64 ~/pasta-git (master)
$ git status
On branch master
Untracked files:
  (use "git add <file>..." to include in what will be committed)
        .gitignore
        arqign
        arqign2.bak

nothing added to commit but untracked files present (use "git add" to track)

peoj2@LAPTOP-DRDIEMQ2 MINGW64 ~/pasta-git (master)
$ start notepad++ .gitignore

peoj2@LAPTOP-DRDIEMQ2 MINGW64 ~/pasta-git (master)
$ git status
On branch master
Untracked files:
  (use "git add <file>..." to include in what will be committed)
        .gitignore
        .gitignore.bak
        arqign
        arqign.bak
        arqign2.bak

nothing added to commit but untracked files present (use "git add" to track)

peoj2@LAPTOP-DRDIEMQ2 MINGW64 ~/pasta-git (master)
$ git add .
warning: LF will be replaced by CRLF in .gitignore.
The file will have its original line endings in your working directory
warning: LF will be replaced by CRLF in .gitignore.bak.
The file will have its original line endings in your working directory

peoj2@LAPTOP-DRDIEMQ2 MINGW64 ~/pasta-git (master)
$ echo .bak >> .gitignore

peoj2@LAPTOP-DRDIEMQ2 MINGW64 ~/pasta-git (master)
$ git status
On branch master
Changes to be committed:
  (use "git restore --staged <file>..." to unstage)
        new file:   .gitignore
        new file:   .gitignore.bak
        new file:   arqign
        new file:   arqign.bak
        new file:   arqign2.bak

Changes not staged for commit:
  (use "git add <file>..." to update what will be committed)
  (use "git restore <file>..." to discard changes in working directory)
        modified:   .gitignore


peoj2@LAPTOP-DRDIEMQ2 MINGW64 ~/pasta-git (master)
$ start notepad++ .gitignore

peoj2@LAPTOP-DRDIEMQ2 MINGW64 ~/pasta-git (master)
$ git status
On branch master
Changes to be committed:
  (use "git restore --staged <file>..." to unstage)
        new file:   .gitignore
        new file:   .gitignore.bak
        new file:   arqign
        new file:   arqign.bak
        new file:   arqign2.bak

Changes not staged for commit:
  (use "git add <file>..." to update what will be committed)
  (use "git restore <file>..." to discard changes in working directory)
        modified:   .gitignore
        modified:   .gitignore.bak


peoj2@LAPTOP-DRDIEMQ2 MINGW64 ~/pasta-git (master)
$ ls
arq1.txt      arq2.txt      arqign      arqign2      exercicios_boson/  index.html.bak
arq1.txt.bak  arq2.txt.bak  arqign.bak  arqign2.bak  index.html

peoj2@LAPTOP-DRDIEMQ2 MINGW64 ~/pasta-git (master)
$ echo .bak >> .gitignore

peoj2@LAPTOP-DRDIEMQ2 MINGW64 ~/pasta-git (master)
$ git add .
warning: LF will be replaced by CRLF in .gitignore.
The file will have its original line endings in your working directory
warning: LF will be replaced by CRLF in .gitignore.bak.
The file will have its original line endings in your working directory

peoj2@LAPTOP-DRDIEMQ2 MINGW64 ~/pasta-git (master)
$ cat .gitignore

arqign2

.bak

peoj2@LAPTOP-DRDIEMQ2 MINGW64 ~/pasta-git (master)
$ git status
On branch master
Changes to be committed:
  (use "git restore --staged <file>..." to unstage)
        new file:   .gitignore
        new file:   .gitignore.bak
        new file:   arqign
        new file:   arqign.bak
        new file:   arqign2.bak


peoj2@LAPTOP-DRDIEMQ2 MINGW64 ~/pasta-git (master)
$ git commit -m "teste com .gitignore"
[master 7fda95a] teste com .gitignore
 5 files changed, 8 insertions(+)
 create mode 100644 .gitignore
 create mode 100644 .gitignore.bak
 create mode 100644 arqign
 create mode 100644 arqign.bak
 create mode 100644 arqign2.bak

peoj2@LAPTOP-DRDIEMQ2 MINGW64 ~/pasta-git (master)
$ git log
commit 7fda95aedb27fbcb253ca4212e3d813b1a82c79b (HEAD -> master)
Author: OliveiraJPE <peoj2009@gmail.com>
Date:   Tue Jan 18 18:48:10 2022 -0300

    teste com .gitignore

commit 21c7e9979aee2204a323caeaa328b659e85be9ed
Author: OliveiraJPE <peoj2009@gmail.com>
Date:   Tue Jan 18 11:08:07 2022 -0300

    Revert "adicionado quebra de linha"

    This reverts commit 80a9bbf2c18b2b59a8436c4f49323127ee49de7a.

commit 80a9bbf2c18b2b59a8436c4f49323127ee49de7a
Author: OliveiraJPE <peoj2009@gmail.com>
Date:   Tue Jan 18 11:05:17 2022 -0300

    adicionado quebra de linha

commit 49c4acb4cd5f2f60d173292f4c1aebaa3d2d4819
Author: OliveiraJPE <peoj2009@gmail.com>
Date:   Tue Jan 18 11:04:17 2022 -0300

    trocar h2 por h1

commit 82054247d12b66eab80828bd5e3044be30a4e139
Author: OliveiraJPE <peoj2009@gmail.com>
Date:   Tue Jan 18 11:02:59 2022 -0300

    Criar arquivo index

commit 84d305078beda02d90b3e59c9d8d7680a4ed418f
Author: OliveiraJPE <peoj2009@gmail.com>
Date:   Tue Jan 18 09:57:25 2022 -0300

    Adicionei as aulas 8 e 9 da boson treinamentos

commit 5a42aa801e6f8eaad8c55981919f29c7ef48c8ee
Author: OliveiraJPE <peoj2009@gmail.com>
Date:   Tue Jan 18 09:52:17 2022 -0300

    Arquivo recuperado

commit 7017fb5d98428fd78b009482d162eade8b5361de
Author: OliveiraJPE <peoj2009@gmail.com>
Date:   Tue Jan 18 09:38:10 2022 -0300

    exclusão de arq3

commit 67cebdc966fc645a4c71a1bf2d69cea08aa29e82
Author: OliveiraJPE <peoj2009@gmail.com>
Date:   Tue Jan 18 09:28:01 2022 -0300

    commit final

commit 4681c380712acc8eba199dd890d433926548dd4f

peoj2@LAPTOP-DRDIEMQ2 MINGW64 ~/pasta-git (master)
$ git status
On branch master
nothing to commit, working tree clean
