CRIAR UM REPOSITÓRIO NOVO
ls


peoj2@LAPTOP-DRDIEMQ2 MINGW64 ~ (master)
$ pwd                     //verificar onde estamos
/c/Users/peoj2


peoj2@LAPTOP-DRDIEMQ2 MINGW64 ~ (master)
$ mkdir teste

peoj2@LAPTOP-DRDIEMQ2 MINGW64 ~teste (master)
$cd teste 

peoj2@LAPTOP-DRDIEMQ2 MINGW64 ~teste (master)
$ git init                      //iniciar o repositório
Initialized empty Git repository in C:/Users/peoj2/teste/.git/

peoj2@LAPTOP-DRDIEMQ2 MINGW64 ~/teste (master)
$ ls -a                             //mostra o conteúdo inclusive arquivos ocultos como o .git
./  ../  .git/

peoj2@LAPTOP-DRDIEMQ2 MINGW64 ~/teste (master)
$ start notepad++ arq1

peoj2@LAPTOP-DRDIEMQ2 MINGW64 ~/teste (master)
$ start notepad++ arq2

peoj2@LAPTOP-DRDIEMQ2 MINGW64 ~/teste (master)
$ git log
fatal: your current branch 'master' does not have any commits yet

peoj2@LAPTOP-DRDIEMQ2 MINGW64 ~/teste (master)
$ git add .              //    " . " esse ponto significa tudo.

peoj2@LAPTOP-DRDIEMQ2 MINGW64 ~/teste (master)
$ git status
On branch master

No commits yet

Changes to be committed:
  (use "git rm --cached <file>..." to unstage)
        new file:   arq1
        new file:   arq1.bak
        new file:   arq2
        new file:   arq2.bak

peoj2@LAPTOP-DRDIEMQ2 MINGW64 ~/teste (master)
$ git commit -m "Primeiro Commit"
[master (root-commit) 068c6a8] Primeiro Commit
 4 files changed, 2 insertions(+)
 create mode 100644 arq1
 create mode 100644 arq1.bak
 create mode 100644 arq2
 create mode 100644 arq2.bak

peoj2@LAPTOP-DRDIEMQ2 MINGW64 ~/teste (master)
$ git log
commit 068c6a8ab20b0ff34b6180140b5142f29eb5b40c (HEAD -> master)
Author: missao.filosofica <missao.filosofica@gmail.com>
Date:   Mon Jan 17 18:38:47 2022 -0300

    Primeiro Commit

peoj2@LAPTOP-DRDIEMQ2 MINGW64 ~/teste (master)
$ start notepad++ arq1

peoj2@LAPTOP-DRDIEMQ2 MINGW64 ~/teste (master)
$ git add .

peoj2@LAPTOP-DRDIEMQ2 MINGW64 ~/teste (master)
$ git commit -m "Segundo commit"
[master 99d70d6] Segundo commit
 2 files changed, 4 insertions(+), 1 deletion(-)

peoj2@LAPTOP-DRDIEMQ2 MINGW64 ~/teste (master)
$ git log
commit 99d70d6aabaa1cfc155d8e1d7ed6bf48c16c7ea3 (HEAD -> master)
Author: missao.filosofica <missao.filosofica@gmail.com>
Date:   Mon Jan 17 18:41:09 2022 -0300

    Segundo commit

commit 068c6a8ab20b0ff34b6180140b5142f29eb5b40c
Author: missao.filosofica <missao.filosofica@gmail.com>
Date:   Mon Jan 17 18:38:47 2022 -0300

    Primeiro Commit


VER LOG DE UM ARQUIVO ESPECÍFICO


peoj2@LAPTOP-DRDIEMQ2 MINGW64 ~/teste (master)
$ git log arq1                                                                                //log direcionado a um arquivo esxpecífico
commit 99d70d6aabaa1cfc155d8e1d7ed6bf48c16c7ea3 (HEAD -> master)
Author: missao.filosofica <missao.filosofica@gmail.com>
Date:   Mon Jan 17 18:41:09 2022 -0300

    Segundo commit

commit 068c6a8ab20b0ff34b6180140b5142f29eb5b40c
Author: missao.filosofica <missao.filosofica@gmail.com>
Date:   Mon Jan 17 18:38:47 2022 -0300

    Primeiro Commit

peoj2@LAPTOP-DRDIEMQ2 MINGW64 ~/teste (master)
$ git log arq2
commit 068c6a8ab20b0ff34b6180140b5142f29eb5b40c
Author: missao.filosofica <missao.filosofica@gmail.com>
Date:   Mon Jan 17 18:38:47 2022 -0300

    Primeiro Commit


VISUALIZAR ALTERAÇÕES COM DETALHES

peoj2@LAPTOP-DRDIEMQ2 MINGW64 ~/teste (master)
$ git show                                                                                //Mostra sempre o ultimo commit
commit 99d70d6aabaa1cfc155d8e1d7ed6bf48c16c7ea3 (HEAD -> master)
Author: missao.filosofica <missao.filosofica@gmail.com>
Date:   Mon Jan 17 18:41:09 2022 -0300

    Segundo commit

diff --git a/arq1 b/arq1
index 11484ba..ea9729b 100644
--- a/arq1
+++ b/arq1
@@ -1 +1,3 @@
-Primeiro arquivo
\ No newline at end of file
+Primeiro arquivo
+adicionando codigo
+Axrquivo editado com sucesso
\ No newline at end of file
diff --git a/arq1.bak b/arq1.bak
index e69de29..11484ba 100644
--- a/arq1.bak
+++ b/arq1.bak
@@ -0,0 +1 @@
+Primeiro arquivo
\ No newline at end of file




peoj2@LAPTOP-DRDIEMQ2 MINGW64 ~/teste (master)
$ git log
commit 99d70d6aabaa1cfc155d8e1d7ed6bf48c16c7ea3 (HEAD -> master)
Author: missao.filosofica <missao.filosofica@gmail.com>
Date:   Mon Jan 17 18:41:09 2022 -0300

    Segundo commit

commit 068c6a8ab20b0ff34b6180140b5142f29eb5b40c
Author: missao.filosofica <missao.filosofica@gmail.com>
Date:   Mon Jan 17 18:38:47 2022 -0300

    Primeiro Commit

peoj2@LAPTOP-DRDIEMQ2 MINGW64 ~/teste (master)
$ git show 99d7                                                                       //MOSTRA O COMMIT SELECIONADO COM OS QUATRO PRIMEIROS CARACTERES DO HASH
commit 99d70d6aabaa1cfc155d8e1d7ed6bf48c16c7ea3 (HEAD -> master)
Author: missao.filosofica <missao.filosofica@gmail.com>
Date:   Mon Jan 17 18:41:09 2022 -0300

    Segundo commit

diff --git a/arq1 b/arq1
index 11484ba..ea9729b 100644
--- a/arq1
+++ b/arq1
@@ -1 +1,3 @@
-Primeiro arquivo
\ No newline at end of file
+Primeiro arquivo
+adicionando codigo
+Axrquivo editado com sucesso
\ No newline at end of file
diff --git a/arq1.bak b/arq1.bak
index e69de29..11484ba 100644
--- a/arq1.bak
+++ b/arq1.bak
@@ -0,0 +1 @@
+Primeiro arquivo
\ No newline at end of file

